2026-09-07T20:57:03  snapshot: Performance API daily 405: 
2026-09-07T21:04:31  rotate: Картинки нет в карточке: https://cdn.jsdelivr.net/gh/paradisio1088-afk/ozon-covers@177c6f1a4f863d65ac805cdcb2dcdda76e4f1f03/photos/04ffeac151ac.jpg
Сначала залей все варианты и дождись модерации: python init.py
2026-09-07T21:04:36  итог: {"ran_at": "2026-09-07T21:04:31+03:00", "steps": {"rotate": "ошибка: Картинки нет в карточке: https://cdn.jsdelivr.net/gh/paradisio1088-afk/ozon-covers@177c6f1a4f863d65ac805cdcb2dcdda76e4f1f03/photos/04ffeac151ac.jpg\nСначала залей все варианты и дождись модерации: python init.py", "snapshot": "ok (2)", "collect": "ok", "analyze": "ok"}, "winner": null, "significant": false}
2026-09-07T21:08:58  итог: {"ran_at": "2026-09-07T21:08:46+03:00", "steps": {"rotate": "ok", "snapshot": "ok (2)", "collect": "ok", "analyze": "ok"}, "winner": null, "significant": false}
2026-09-07T21:19:50  итог: {"ran_at": "2026-09-07T21:19:36+03:00", "steps": {"rotate": "ok", "snapshot": "ok (2)", "collect": "ok", "analyze": "ok"}, "winner": null, "significant": false}
2026-09-07T21:35:03  итог: {"ran_at": "2026-09-07T21:34:50+03:00", "steps": {"rotate": "ok", "snapshot": "ok (2)", "collect": "ok", "analyze": "ok"}, "winner": null, "significant": false}
2026-09-07T19:10:54  итог: {"ran_at": "2026-09-07T22:10:31+03:00", "steps": {"rotate": "ok", "snapshot": "ok (2)", "collect": "ok", "analyze": "ok"}, "winner": null, "significant": false}
2026-09-07T21:59:37  итог: {"ran_at": "2026-09-08T00:59:17+03:00", "steps": {"rotate": "ok", "snapshot": "ok (2)", "collect": "ok", "analyze": "ok"}, "winner": null, "significant": false}
2026-09-08T00:02:39  итог: {"ran_at": "2026-09-08T03:00:31+03:00", "steps": {"rotate": "ok", "snapshot": "ok (2)", "collect": "ok", "analyze": "ok"}, "winner": null, "significant": false}
2026-09-08T04:29:50  итог: {"ran_at": "2026-09-08T07:29:14+03:00", "steps": {"rotate": "ok", "snapshot": "ok (2)", "collect": "ok", "analyze": "ok"}, "winner": null, "significant": false}
2026-09-08T08:59:51  итог: {"ran_at": "2026-09-08T11:59:24+03:00", "steps": {"rotate": "ok", "snapshot": "ok (2)", "collect": "ok", "analyze": "ok"}, "winner": null, "significant": false}
2026-09-08T13:21:53  итог: {"ran_at": "2026-09-08T16:21:18+03:00", "steps": {"rotate": "ok", "snapshot": "ok (2)", "collect": "ok", "analyze": "ok"}, "winner": null, "significant": false}
2026-09-08T17:18:53  итог: {"ran_at": "2026-09-08T20:18:26+03:00", "steps": {"rotate": "ok", "snapshot": "ok (2)", "collect": "ok", "analyze": "ok"}, "winner": null, "significant": false}
2026-09-08T19:59:26  итог: {"ran_at": "2026-09-08T22:59:01+03:00", "steps": {"rotate": "ok", "snapshot": "ok (2)", "collect": "ok", "analyze": "ok"}, "winner": null, "significant": false}
2026-09-08T22:23:14  итог: {"ran_at": "2026-09-09T01:22:47+03:00", "steps": {"rotate": "ok", "snapshot": "ok (2)", "collect": "ok", "analyze": "ok"}, "winner": null, "significant": false}
2026-09-09T00:25:36  итог: {"ran_at": "2026-09-09T03:23:42+03:00", "steps": {"rotate": "ok", "snapshot": "ok (2)", "collect": "ok", "analyze": "ok"}, "winner": null, "significant": false}
2026-09-09T04:56:09  итог: {"ran_at": "2026-09-09T07:55:23+03:00", "steps": {"rotate": "ok", "snapshot": "ok (2)", "collect": "ok", "analyze": "ok"}, "winner": null, "significant": false}
2026-09-09T09:18:37  итог: {"ran_at": "2026-09-09T12:17:29+03:00", "steps": {"rotate": "ok", "snapshot": "ok (2)", "collect": "ok", "analyze": "ok"}, "winner": null, "significant": false}
2026-09-09T13:47:45  итог: {"ran_at": "2026-09-09T16:47:36+03:00", "steps": {"rotate": "ok", "snapshot": "ok (2)", "collect": "ok", "analyze": "ok"}, "winner": null, "significant": false}
2026-09-09T17:25:27  итог: {"ran_at": "2026-09-09T20:23:58+03:00", "steps": {"rotate": "ok", "snapshot": "ok (2)", "collect": "ok", "analyze": "ok"}, "winner": null, "significant": false}
2026-09-09T19:54:18  итог: {"ran_at": "2026-09-09T22:53:57+03:00", "steps": {"rotate": "ok", "snapshot": "ok (2)", "collect": "ok", "analyze": "ok"}, "winner": null, "significant": false}
2026-09-09T22:04:33  итог: {"ran_at": "2026-09-10T01:04:25+03:00", "steps": {"rotate": "ok", "snapshot": "ok (2)", "collect": "ok", "analyze": "ok"}, "winner": null, "significant": false}
2026-09-10T00:12:53  итог: {"ran_at": "2026-09-10T03:11:19+03:00", "steps": {"rotate": "ok", "snapshot": "ok (2)", "collect": "ok", "analyze": "ok"}, "winner": null, "significant": false}
2026-09-10T04:38:19  итог: {"ran_at": "2026-09-10T07:37:22+03:00", "steps": {"rotate": "ok", "snapshot": "ok (2)", "collect": "ok", "analyze": "ok"}, "winner": null, "significant": false}
2026-09-10T09:11:34  итог: {"ran_at": "2026-09-10T12:10:14+03:00", "steps": {"rotate": "ok", "snapshot": "ok (2)", "collect": "ok", "analyze": "ok"}, "winner": null, "significant": false}
2026-09-10T13:34:28  итог: {"ran_at": "2026-09-10T16:33:56+03:00", "steps": {"rotate": "ok", "snapshot": "ok (2)", "collect": "ok", "analyze": "ok"}, "winner": null, "significant": false}
2026-09-10T17:13:06  итог: {"ran_at": "2026-09-10T20:11:19+03:00", "steps": {"rotate": "ok", "snapshot": "ok (2)", "collect": "ok", "analyze": "ok"}, "winner": null, "significant": false}
2026-09-10T19:40:11  итог: {"ran_at": "2026-09-10T22:39:58+03:00", "steps": {"rotate": "ok", "snapshot": "ok (2)", "collect": "ok", "analyze": "ok"}, "winner": null, "significant": false}
2026-09-10T21:52:45  итог: {"ran_at": "2026-09-11T00:52:36+03:00", "steps": {"rotate": "ok", "snapshot": "ok (2)", "collect": "ok", "analyze": "ok"}, "winner": null, "significant": false}
2026-09-10T23:31:54  итог: {"ran_at": "2026-09-11T02:31:25+03:00", "steps": {"rotate": "ok", "snapshot": "ok (2)", "collect": "ok", "analyze": "ok"}, "winner": null, "significant": false}
2026-09-11T01:29:16  итог: {"ran_at": "2026-09-11T04:27:05+03:00", "steps": {"rotate": "ok", "snapshot": "ok (2)", "collect": "ok", "analyze": "ok"}, "winner": null, "significant": false}
2026-09-11T06:19:02  итог: {"ran_at": "2026-09-11T09:18:55+03:00", "steps": {"rotate": "ok", "snapshot": "ok (2)", "collect": "ok", "analyze": "ok"}, "winner": null, "significant": false}
2026-09-11T11:35:29  итог: {"ran_at": "2026-09-11T14:35:16+03:00", "steps": {"rotate": "ok", "snapshot": "ok (2)", "collect": "ok", "analyze": "ok"}, "winner": null, "significant": false}
2026-09-11T15:11:44  итог: {"ran_at": "2026-09-11T18:11:36+03:00", "steps": {"rotate": "ok", "snapshot": "ok (2)", "collect": "ok", "analyze": "ok"}, "winner": null, "significant": false}
2026-09-11T18:29:51  итог: {"ran_at": "2026-09-11T21:29:42+03:00", "steps": {"rotate": "ok", "snapshot": "ok (2)", "collect": "ok", "analyze": "ok"}, "winner": null, "significant": false}
2026-09-11T21:10:44  итог: {"ran_at": "2026-09-12T00:09:10+03:00", "steps": {"rotate": "ok", "snapshot": "ok (2)", "collect": "ok", "analyze": "ok"}, "winner": null, "significant": false}
2026-09-11T23:14:10  итог: {"ran_at": "2026-09-12T02:14:02+03:00", "steps": {"rotate": "ok", "snapshot": "ok (2)", "collect": "ok", "analyze": "ok"}, "winner": null, "significant": false}
2026-09-12T01:09:21  snapshot: Performance API: отчёт не готов за отведённое время
2026-09-12T01:09:21  итог: {"ran_at": "2026-09-12T04:06:56+03:00", "steps": {"rotate": "ok", "snapshot": "ошибка: Performance API: отчёт не готов за отведённое время", "collect": "ok", "analyze": "ok"}, "winner": null, "significant": false}
2026-09-12T05:45:00  итог: {"ran_at": "2026-09-12T08:44:32+03:00", "steps": {"rotate": "ok", "snapshot": "ok (2)", "collect": "ok", "analyze": "ok"}, "winner": null, "significant": false}
2026-09-12T09:36:22  итог: {"ran_at": "2026-09-12T12:35:56+03:00", "steps": {"rotate": "ok", "snapshot": "ok (2)", "collect": "ok", "analyze": "ok"}, "winner": null, "significant": false}
2026-09-12T13:10:01  итог: {"ran_at": "2026-09-12T16:07:55+03:00", "steps": {"rotate": "ok", "snapshot": "ok (2)", "collect": "ok", "analyze": "ok"}, "winner": null, "significant": false}
2026-09-12T16:16:29  итог: {"ran_at": "2026-09-12T19:16:17+03:00", "steps": {"rotate": "ok", "snapshot": "ok (2)", "collect": "ok", "analyze": "ok"}, "winner": null, "significant": false}
2026-09-12T18:32:07  итог: {"ran_at": "2026-09-12T21:31:54+03:00", "steps": {"rotate": "ok", "snapshot": "ok (2)", "collect": "ok", "analyze": "ok"}, "winner": null, "significant": false}
2026-09-12T20:56:45  итог: {"ran_at": "2026-09-12T23:56:32+03:00", "steps": {"rotate": "ok", "snapshot": "ok (2)", "collect": "ok", "analyze": "ok"}, "winner": null, "significant": false}
2026-09-12T22:44:16  итог: {"ran_at": "2026-09-13T01:44:08+03:00", "steps": {"rotate": "ok", "snapshot": "ok (2)", "collect": "ok", "analyze": "ok"}, "winner": null, "significant": false}
2026-09-13T00:25:31  итог: {"ran_at": "2026-09-13T03:23:13+03:00", "steps": {"rotate": "ok", "snapshot": "ok (2)", "collect": "ok", "analyze": "ok"}, "winner": null, "significant": false}
2026-09-13T05:04:22  snapshot: Performance API: отчёт не готов за отведённое время
2026-09-13T05:04:22  итог: {"ran_at": "2026-09-13T08:02:04+03:00", "steps": {"rotate": "ok", "snapshot": "ошибка: Performance API: отчёт не готов за отведённое время", "collect": "ok", "analyze": "ok"}, "winner": null, "significant": false}
2026-09-13T10:13:23  итог: {"ran_at": "2026-09-13T13:12:56+03:00", "steps": {"rotate": "ok", "snapshot": "ok (2)", "collect": "ok", "analyze": "ok"}, "winner": null, "significant": false}
2026-09-13T14:22:30  итог: {"ran_at": "2026-09-13T17:22:22+03:00", "steps": {"rotate": "ok", "snapshot": "ok (2)", "collect": "ok", "analyze": "ok"}, "winner": null, "significant": false}
2026-09-13T17:29:50  итог: {"ran_at": "2026-09-13T20:29:35+03:00", "steps": {"rotate": "ok", "snapshot": "ok (2)", "collect": "ok", "analyze": "ok"}, "winner": null, "significant": false}
2026-09-13T19:38:52  итог: {"ran_at": "2026-09-13T22:38:43+03:00", "steps": {"rotate": "ok", "snapshot": "ok (2)", "collect": "ok", "analyze": "ok"}, "winner": null, "significant": false}
2026-09-13T21:40:56  итог: {"ran_at": "2026-09-14T00:40:46+03:00", "steps": {"rotate": "ok", "snapshot": "ok (2)", "collect": "ok", "analyze": "ok"}, "winner": null, "significant": false}
2026-09-13T23:29:47  итог: {"ran_at": "2026-09-14T02:29:38+03:00", "steps": {"rotate": "ok", "snapshot": "ok (2)", "collect": "ok", "analyze": "ok"}, "winner": null, "significant": false}
2026-09-14T01:26:40  итог: {"ran_at": "2026-09-14T04:24:38+03:00", "steps": {"rotate": "ok", "snapshot": "ok (2)", "collect": "ok", "analyze": "ok"}, "winner": null, "significant": false}
2026-09-14T06:33:18  итог: {"ran_at": "2026-09-14T09:33:06+03:00", "steps": {"rotate": "ok", "snapshot": "ok (2)", "collect": "ok", "analyze": "ok"}, "winner": null, "significant": false}
2026-09-14T13:20:34  итог: {"ran_at": "2026-09-14T16:20:00+03:00", "steps": {"rotate": "ok", "snapshot": "ok (2)", "collect": "ok", "analyze": "ok"}, "winner": null, "significant": false}
2026-09-14T18:45:52  итог: {"ran_at": "2026-09-14T21:45:40+03:00", "steps": {"rotate": "ok", "snapshot": "ok (2)", "collect": "ok", "analyze": "ok"}, "winner": null, "significant": false}
2026-09-14T22:11:20  итог: {"ran_at": "2026-09-15T01:11:13+03:00", "steps": {"rotate": "ok", "snapshot": "ok (2)", "collect": "ok", "analyze": "ok"}, "winner": null, "significant": false}
2026-09-15T00:38:32  snapshot: Performance API: отчёт не готов за отведённое время
2026-09-15T00:38:32  итог: {"ran_at": "2026-09-15T03:36:13+03:00", "steps": {"rotate": "ok", "snapshot": "ошибка: Performance API: отчёт не готов за отведённое время", "collect": "ok", "analyze": "ok"}, "winner": null, "significant": false}
2026-09-15T05:21:44  snapshot: Performance API: отчёт не готов за отведённое время
2026-09-15T05:21:44  итог: {"ran_at": "2026-09-15T08:19:19+03:00", "steps": {"rotate": "ok", "snapshot": "ошибка: Performance API: отчёт не готов за отведённое время", "collect": "ok", "analyze": "ok"}, "winner": null, "significant": false}
2026-09-15T10:13:30  итог: {"ran_at": "2026-09-15T13:13:13+03:00", "steps": {"rotate": "ok", "snapshot": "ok (2)", "collect": "ok", "analyze": "ok"}, "winner": null, "significant": false}
2026-09-15T15:00:17  итог: {"ran_at": "2026-09-15T17:59:58+03:00", "steps": {"rotate": "ok", "snapshot": "ok (2)", "collect": "ok", "analyze": "ok"}, "winner": null, "significant": false}
2026-09-15T18:45:03  итог: {"ran_at": "2026-09-15T21:44:48+03:00", "steps": {"rotate": "ok", "snapshot": "ok (2)", "collect": "ok", "analyze": "ok"}, "winner": null, "significant": false}
2026-09-15T21:46:37  итог: {"ran_at": "2026-09-16T00:46:25+03:00", "steps": {"rotate": "ok", "snapshot": "ok (2)", "collect": "ok", "analyze": "ok"}, "winner": null, "significant": false}
2026-09-15T23:48:29  итог: {"ran_at": "2026-09-16T02:48:15+03:00", "steps": {"rotate": "ok", "snapshot": "ok (2)", "collect": "ok", "analyze": "ok"}, "winner": null, "significant": false}
2026-09-16T02:10:30  snapshot: Performance API: отчёт не готов за отведённое время
2026-09-16T02:10:30  итог: {"ran_at": "2026-09-16T05:08:11+03:00", "steps": {"rotate": "ok", "snapshot": "ошибка: Performance API: отчёт не готов за отведённое время", "collect": "ok", "analyze": "ok"}, "winner": null, "significant": false}
2026-09-16T07:39:16  итог: {"ran_at": "2026-09-16T10:39:04+03:00", "steps": {"rotate": "ok", "snapshot": "ok (2)", "collect": "ok", "analyze": "ok"}, "winner": null, "significant": false}
2026-09-16T12:50:00  итог: {"ran_at": "2026-09-16T15:49:47+03:00", "steps": {"rotate": "ok", "snapshot": "ok (2)", "collect": "ok", "analyze": "ok"}, "winner": null, "significant": false}
2026-09-16T17:22:52  итог: {"ran_at": "2026-09-16T20:22:04+03:00", "steps": {"rotate": "ok", "snapshot": "ok (2)", "collect": "ok", "analyze": "ok"}, "winner": null, "significant": false}
2026-09-16T20:17:11  итог: {"ran_at": "2026-09-16T23:16:59+03:00", "steps": {"rotate": "ok", "snapshot": "ok (2)", "collect": "ok", "analyze": "ok"}, "winner": null, "significant": false}
2026-09-16T23:05:31  итог: {"ran_at": "2026-09-17T02:04:11+03:00", "steps": {"rotate": "ok", "snapshot": "ok (2)", "collect": "ok", "analyze": "ok"}, "winner": null, "significant": false}
2026-09-17T01:23:33  snapshot: Performance API: отчёт не готов за отведённое время
2026-09-17T01:23:33  итог: {"ran_at": "2026-09-17T04:21:09+03:00", "steps": {"rotate": "ok", "snapshot": "ошибка: Performance API: отчёт не готов за отведённое время", "collect": "ok", "analyze": "ok"}, "winner": null, "significant": false}
2026-09-17T06:16:46  итог: {"ran_at": "2026-09-17T09:16:15+03:00", "steps": {"rotate": "ok", "snapshot": "ok (2)", "collect": "ok", "analyze": "ok"}, "winner": null, "significant": false}
2026-09-17T11:54:36  итог: {"ran_at": "2026-09-17T14:54:23+03:00", "steps": {"rotate": "ok", "snapshot": "ok (2)", "collect": "ok", "analyze": "ok"}, "winner": null, "significant": false}
2026-09-17T15:48:53  итог: {"ran_at": "2026-09-17T18:48:36+03:00", "steps": {"rotate": "ok", "snapshot": "ok (2)", "collect": "ok", "analyze": "ok"}, "winner": null, "significant": false}
2026-09-17T19:22:56  итог: {"ran_at": "2026-09-17T22:22:39+03:00", "steps": {"rotate": "ok", "snapshot": "ok (2)", "collect": "ok", "analyze": "ok"}, "winner": null, "significant": false}
2026-09-17T22:17:36  итог: {"ran_at": "2026-09-18T01:17:28+03:00", "steps": {"rotate": "ok", "snapshot": "ok (2)", "collect": "ok", "analyze": "ok"}, "winner": null, "significant": false}
2026-09-18T00:32:57  snapshot: Performance API: отчёт не готов за отведённое время
2026-09-18T00:32:57  итог: {"ran_at": "2026-09-18T03:30:36+03:00", "steps": {"rotate": "ok", "snapshot": "ошибка: Performance API: отчёт не готов за отведённое время", "collect": "ok", "analyze": "ok"}, "winner": null, "significant": false}
2026-09-18T05:13:02  snapshot: Performance API: отчёт не готов за отведённое время
2026-09-18T05:13:02  итог: {"ran_at": "2026-09-18T08:10:36+03:00", "steps": {"rotate": "ok", "snapshot": "ошибка: Performance API: отчёт не готов за отведённое время", "collect": "ok", "analyze": "ok"}, "winner": null, "significant": false}
2026-09-18T09:42:35  итог: {"ran_at": "2026-09-18T12:42:04+03:00", "steps": {"rotate": "ok", "snapshot": "ok (2)", "collect": "ok", "analyze": "ok"}, "winner": null, "significant": false}
2026-09-18T13:50:13  итог: {"ran_at": "2026-09-18T16:49:55+03:00", "steps": {"rotate": "ok", "snapshot": "ok (2)", "collect": "ok", "analyze": "ok"}, "winner": null, "significant": false}
2026-09-18T17:22:02  итог: {"ran_at": "2026-09-18T20:20:51+03:00", "steps": {"rotate": "ok", "snapshot": "ok (2)", "collect": "ok", "analyze": "ok"}, "winner": null, "significant": false}
2026-09-18T19:47:25  итог: {"ran_at": "2026-09-18T22:47:17+03:00", "steps": {"rotate": "ok", "snapshot": "ok (2)", "collect": "ok", "analyze": "ok"}, "winner": null, "significant": false}
2026-09-18T22:01:19  итог: {"ran_at": "2026-09-19T01:00:28+03:00", "steps": {"rotate": "ok", "snapshot": "ok (2)", "collect": "ok", "analyze": "ok"}, "winner": null, "significant": false}
2026-09-19T00:18:34  snapshot: Performance API: отчёт не готов за отведённое время
2026-09-19T00:18:34  итог: {"ran_at": "2026-09-19T03:16:11+03:00", "steps": {"rotate": "ok", "snapshot": "ошибка: Performance API: отчёт не готов за отведённое время", "collect": "ok", "analyze": "ok"}, "winner": null, "significant": false}
2026-09-19T04:48:18  итог: {"ran_at": "2026-09-19T07:47:21+03:00", "steps": {"rotate": "ok", "snapshot": "ok (2)", "collect": "ok", "analyze": "ok"}, "winner": null, "significant": false}
2026-09-19T09:05:11  snapshot: Performance API: отчёт не готов за отведённое время
2026-09-19T09:05:11  итог: {"ran_at": "2026-09-19T12:02:50+03:00", "steps": {"rotate": "ok", "snapshot": "ошибка: Performance API: отчёт не готов за отведённое время", "collect": "ok", "analyze": "ok"}, "winner": null, "significant": false}
2026-09-19T13:07:53  итог: {"ran_at": "2026-09-19T16:06:07+03:00", "steps": {"rotate": "ok", "snapshot": "ok (2)", "collect": "ok", "analyze": "ok"}, "winner": null, "significant": false}
2026-09-19T16:26:03  итог: {"ran_at": "2026-09-19T19:25:49+03:00", "steps": {"rotate": "ok", "snapshot": "ok (2)", "collect": "ok", "analyze": "ok"}, "winner": null, "significant": false}
2026-09-19T18:40:18  итог: {"ran_at": "2026-09-19T21:40:05+03:00", "steps": {"rotate": "ok", "snapshot": "ok (2)", "collect": "ok", "analyze": "ok"}, "winner": null, "significant": false}
2026-09-19T20:59:29  итог: {"ran_at": "2026-09-19T23:59:16+03:00", "steps": {"rotate": "ok", "snapshot": "ok (2)", "collect": "ok", "analyze": "ok"}, "winner": null, "significant": false}
2026-09-19T22:41:48  итог: {"ran_at": "2026-09-20T01:41:35+03:00", "steps": {"rotate": "ok", "snapshot": "ok (2)", "collect": "ok", "analyze": "ok"}, "winner": null, "significant": false}
2026-09-20T00:25:33  snapshot: Performance API: отчёт не готов за отведённое время
2026-09-20T00:25:33  итог: {"ran_at": "2026-09-20T03:23:09+03:00", "steps": {"rotate": "ok", "snapshot": "ошибка: Performance API: отчёт не готов за отведённое время", "collect": "ok", "analyze": "ok"}, "winner": null, "significant": false}
2026-09-20T05:06:48  snapshot: Performance API: отчёт не готов за отведённое время
2026-09-20T05:06:48  итог: {"ran_at": "2026-09-20T08:04:31+03:00", "steps": {"rotate": "ok", "snapshot": "ошибка: Performance API: отчёт не готов за отведённое время", "collect": "ok", "analyze": "ok"}, "winner": null, "significant": false}
2026-09-20T09:46:22  итог: {"ran_at": "2026-09-20T12:46:04+03:00", "steps": {"rotate": "ok", "snapshot": "ok (2)", "collect": "ok", "analyze": "ok"}, "winner": null, "significant": false}
2026-09-20T13:47:18  итог: {"ran_at": "2026-09-20T16:47:00+03:00", "steps": {"rotate": "ok", "snapshot": "ok (2)", "collect": "ok", "analyze": "ok"}, "winner": null, "significant": false}
2026-09-20T17:07:15  snapshot: Performance API: отчёт не готов за отведённое время
2026-09-20T17:07:15  итог: {"ran_at": "2026-09-20T20:04:55+03:00", "steps": {"rotate": "ok", "snapshot": "ошибка: Performance API: отчёт не готов за отведённое время", "collect": "ok", "analyze": "ok"}, "winner": null, "significant": false}
2026-09-20T19:25:43  итог: {"ran_at": "2026-09-20T22:25:26+03:00", "steps": {"rotate": "ok", "snapshot": "ok (2)", "collect": "ok", "analyze": "ok"}, "winner": null, "significant": false}
2026-09-20T21:41:37  итог: {"ran_at": "2026-09-21T00:41:20+03:00", "steps": {"rotate": "ok", "snapshot": "ok (2)", "collect": "ok", "analyze": "ok"}, "winner": null, "significant": false}
2026-09-20T23:31:13  итог: {"ran_at": "2026-09-21T02:30:41+03:00", "steps": {"rotate": "ok", "snapshot": "ok (2)", "collect": "ok", "analyze": "ok"}, "winner": null, "significant": false}
2026-09-21T01:41:19  snapshot: Performance API: отчёт не готов за отведённое время
2026-09-21T01:41:19  итог: {"ran_at": "2026-09-21T04:38:55+03:00", "steps": {"rotate": "ok", "snapshot": "ошибка: Performance API: отчёт не готов за отведённое время", "collect": "ok", "analyze": "ok"}, "winner": null, "significant": false}
2026-09-21T07:08:31  итог: {"ran_at": "2026-09-21T10:07:56+03:00", "steps": {"rotate": "ok", "snapshot": "ok (2)", "collect": "ok", "analyze": "ok"}, "winner": null, "significant": false}
2026-09-21T14:04:54  snapshot: Performance API: отчёт не готов за отведённое время
2026-09-21T14:04:54  итог: {"ran_at": "2026-09-21T17:02:28+03:00", "steps": {"rotate": "ok", "snapshot": "ошибка: Performance API: отчёт не готов за отведённое время", "collect": "ok", "analyze": "ok"}, "winner": null, "significant": false}
2026-09-21T19:23:00  итог: {"ran_at": "2026-09-21T22:22:46+03:00", "steps": {"rotate": "ok", "snapshot": "ok (2)", "collect": "ok", "analyze": "ok"}, "winner": null, "significant": false}
2026-09-21T22:39:39  итог: {"ran_at": "2026-09-22T01:39:30+03:00", "steps": {"rotate": "ok", "snapshot": "ok (2)", "collect": "ok", "analyze": "ok"}, "winner": null, "significant": false}
2026-09-22T01:08:08  snapshot: Performance API statistics 429: {"error":"Превышен лимит активных запросов (максимум 1)"}
2026-09-22T01:08:08  итог: {"ran_at": "2026-09-22T04:08:06+03:00", "steps": {"rotate": "ok", "snapshot": "ошибка: Performance API statistics 429: {\"error\":\"Превышен лимит активных запросов (максимум 1)\"}", "collect": "ok", "analyze": "ok"}, "winner": null, "significant": false}
2026-09-22T06:10:16  итог: {"ran_at": "2026-09-22T09:09:14+03:00", "steps": {"rotate": "ok", "snapshot": "ok (2)", "collect": "ok", "analyze": "ok"}, "winner": null, "significant": false}
2026-09-22T11:31:17  итог: {"ran_at": "2026-09-22T14:30:58+03:00", "steps": {"rotate": "ok", "snapshot": "ok (2)", "collect": "ok", "analyze": "ok"}, "winner": null, "significant": false}
2026-09-22T15:40:20  итог: {"ran_at": "2026-09-22T18:40:13+03:00", "steps": {"rotate": "ok", "snapshot": "ok (2)", "collect": "ok", "analyze": "ok"}, "winner": null, "significant": false}
2026-09-22T19:08:12  итог: {"ran_at": "2026-09-22T22:08:00+03:00", "steps": {"rotate": "ok", "snapshot": "ok (2)", "collect": "ok", "analyze": "ok"}, "winner": null, "significant": false}
2026-09-22T22:04:11  итог: {"ran_at": "2026-09-23T01:03:57+03:00", "steps": {"rotate": "ok", "snapshot": "ok (2)", "collect": "ok", "analyze": "ok"}, "winner": null, "significant": false}
2026-09-23T00:28:40  итог: {"ran_at": "2026-09-23T03:27:19+03:00", "steps": {"rotate": "ok", "snapshot": "ok (2)", "collect": "ok", "analyze": "ok"}, "winner": null, "significant": false}
2026-09-23T04:58:47  итог: {"ran_at": "2026-09-23T07:57:32+03:00", "steps": {"rotate": "ok", "snapshot": "ok (2)", "collect": "ok", "analyze": "ok"}, "winner": null, "significant": false}
2026-09-23T09:42:04  итог: {"ran_at": "2026-09-23T12:41:42+03:00", "steps": {"rotate": "ok", "snapshot": "ok (2)", "collect": "ok", "analyze": "ok"}, "winner": null, "significant": false}
2026-09-23T14:26:09  итог: {"ran_at": "2026-09-23T17:25:55+03:00", "steps": {"rotate": "ok", "snapshot": "ok (2)", "collect": "ok", "analyze": "ok"}, "winner": null, "significant": false}
2026-09-23T18:29:03  итог: {"ran_at": "2026-09-23T21:28:55+03:00", "steps": {"rotate": "ok", "snapshot": "ok (2)", "collect": "ok", "analyze": "ok"}, "winner": null, "significant": false}
2026-09-23T21:39:38  итог: {"ran_at": "2026-09-24T00:39:30+03:00", "steps": {"rotate": "ok", "snapshot": "ok (2)", "collect": "ok", "analyze": "ok"}, "winner": null, "significant": false}
2026-09-23T23:56:35  итог: {"ran_at": "2026-09-24T02:56:26+03:00", "steps": {"rotate": "ok", "snapshot": "ok (2)", "collect": "ok", "analyze": "ok"}, "winner": null, "significant": false}
2026-09-24T02:29:26  итог: {"ran_at": "2026-09-24T05:28:33+03:00", "steps": {"rotate": "ok", "snapshot": "ok (2)", "collect": "ok", "analyze": "ok"}, "winner": null, "significant": false}
2026-09-24T07:44:18  итог: {"ran_at": "2026-09-24T10:44:03+03:00", "steps": {"rotate": "ok", "snapshot": "ok (2)", "collect": "ok", "analyze": "ok"}, "winner": null, "significant": false}
2026-09-24T12:54:26  итог: {"ran_at": "2026-09-24T15:54:18+03:00", "steps": {"rotate": "ok", "snapshot": "ok (2)", "collect": "ok", "analyze": "ok"}, "winner": null, "significant": false}
2026-09-24T17:37:44  итог: {"ran_at": "2026-09-24T20:37:36+03:00", "steps": {"rotate": "ok", "snapshot": "ok (2)", "collect": "ok", "analyze": "ok"}, "winner": null, "significant": false}
2026-09-24T20:46:24  итог: {"ran_at": "2026-09-24T23:46:13+03:00", "steps": {"rotate": "ok", "snapshot": "ok (2)", "collect": "ok", "analyze": "ok"}, "winner": null, "significant": false}
